UnicodeEncodeError: 'gbk' codec can't encode character '\u2717' in position 7: ill
egal multibyte sequence
